// Jest Snapshot v1, https://goo.gl/fbAQLP

exports[`Main renders correctly 1`] = `
<div
  className="App"
  id="App"
>
  <div
    className="open container"
  >
    <div
      className="close sidebar"
    >
      <div
        className="sidebar__content"
      >
        <header
          className="header"
        >
          <div
            className="header__logo"
          >
            <img
              alt="The Jesus Fish with a multi-coloured background"
              className="header__logo--picture"
              src="https://dl.dropbox.com/s/befh330hypey44l/fish%20with%20color.png?dl=0"
            />
            <span
              className="close header__mobile-menu"
              onClick={[Function]}
              onKeyPress={[Function]}
              role="button"
              tabIndex={0}
            >
              <span
                className="header__mobile-menu--icon"
              />
            </span>
            <span
              className="header__title"
            >
              <h2>
                Change In Christ
              </h2>
            </span>
          </div>
        </header>
        <div
          className="close sidebar__functions"
        >
          <div
            className="search"
          >
            <h2
              className="search__heading heading-2"
            >
              Search
            </h2>
            <form
              action="get"
              className="search__form"
            >
              <input
                className="search__form--input"
                defaultValue=""
                placeholder="Search..."
                role="searchbox"
                type="text"
              />
              <input
                className="btn search__form--btn"
                type="submit"
                value="Search"
              />
            </form>
          </div>
          <div
            className="subscribe"
          >
            <h2
              className="subscribe__heading heading-2"
            >
              Subscribe
            </h2>
            <form
              action="get"
              className="subscribe__form"
            >
              <input
                className="subscribe__form--input"
                defaultValue=""
                placeholder="Subscribe..."
                role="searchbox"
                type="text"
              />
              <input
                className="btn subscribe__form--btn"
                type="submit"
                value="Subscribe"
              />
            </form>
          </div>
        </div>
        <div
          className="navigation close"
        >
          <div
            className="nav"
          >
            <a
              className="nav__link"
              href="/"
              onClick={[Function]}
            >
              <i
                className="fas fa-home"
              />
              Â 
              <span
                className="nav-item"
              >
                Home
              </span>
            </a>
          </div>
          <div
            className="menu-item googleLogin"
          >
            <button
              className="googleLoginButton"
              disabled={true}
              onClick={[Function]}
              onMouseDown={[Function]}
              onMouseEnter={[Function]}
              onMouseLeave={[Function]}
              onMouseUp={[Function]}
              style={
                Object {
                  "alignItems": "center",
                  "backgroundColor": "#fff",
                  "border": "1px solid transparent",
                  "borderRadius": 2,
                  "boxShadow": "0 2px 2px 0 rgba(0, 0, 0, .24), 0 0 1px 0 rgba(0, 0, 0, .24)",
                  "color": "rgba(0, 0, 0, .54)",
                  "display": "inline-flex",
                  "fontFamily": "Roboto, sans-serif",
                  "fontSize": 14,
                  "fontWeight": "500",
                  "opacity": 0.6,
                  "padding": 0,
                }
              }
              type="button"
            >
              <span
                style={
                  Object {
                    "fontWeight": 500,
                    "paddingBottom": 10,
                    "paddingLeft": 10,
                    "paddingRight": 10,
                    "paddingTop": 10,
                  }
                }
              >
                <i
                  className="fab fa-google"
                >
                   Login
                </i>
              </span>
            </button>
          </div>
        </div>
      </div>
    </div>
    <div
      className="blog-container"
    >
      <div
        className="blog"
      >
        <div
          className="blog__entry"
        >
          <section
            className="blog__entry--body"
          >
            <p
              className="blog__entry--no-blogs"
            >
              There are no blog entries at this time.
            </p>
          </section>
        </div>
      </div>
    </div>
    <div
      className="footer"
    >
      <div
        className="footer__poweredBy"
      >
        <p>
          Powered By
           
          <a
            href="https://web-jam.com/"
            rel="noopener noreferrer"
            target="_blank"
          >
            <u>
              <strong>
                Web Jam LLC
              </strong>
            </u>
          </a>
        </p>
      </div>
    </div>
  </div>
</div>
`;
