// Jest Snapshot v1, https://goo.gl/fbAQLP

exports[`Dashboard Container renders snapshot correctly 1`] = `ShallowWrapper {}`;
